
> eatsmartdaily@0.1.0 build
> prisma generate && next build

node.exe : warn The configuration property `package.json#prisma` is deprecated and 
will be removed in Prisma 7. Please migrate to a Prisma config file (e.g., 
`prisma.config.ts`).
At C:\Program Files\nodejs\npm.ps1:29 char:3
+   & $NODE_EXE $NPM_CLI_JS $args
+   ~~~~~~~~~~~~~~~~~~~~~~~~~~~~~
    + CategoryInfo          : NotSpecified: (warn The config...ma.config.ts`).:String) 
    [], RemoteException
    + FullyQualifiedErrorId : NativeCommandError
 
For more information, see: https://pris.ly/prisma-config

Environment variables loaded from .env
Prisma schema loaded from prisma\schema.prisma

Γ£ö Generated Prisma Client (v6.19.2) to .\node_modules\@prisma\client in 167ms

Start by importing your Prisma Client (See: https://pris.ly/d/importing-client)

Tip: Need your database queries to be 1000x faster? Accelerate offers you that and more: https://pris.ly/tip-2-accelerate

Γû▓ Next.js 16.1.4 (Turbopack)
- Environments: .env.local, .env.production, .env

ΓÜá The "middleware" file convention is deprecated. Please use "proxy" instead. Learn 
more: https://nextjs.org/docs/messages/middleware-to-proxy
  Creating an optimized production build ...
Γ£ô Compiled successfully in 10.9s
  Running TypeScript ...
  Collecting page data using 7 workers ...
  Generating static pages using 7 workers (0/50) ...
prisma:error 
Invalid `prisma.siteSettings.findFirst()` invocation:


Can't reach database server at `host:3306`

Please make sure your database server is running at `host:3306`.
prisma:error 
Invalid `prisma.siteSettings.findFirst()` invocation:


Can't reach database server at `host:3306`

Please make sure your database server is running at `host:3306`.
prisma:error 
Invalid `prisma.siteSettings.findFirst()` invocation:


Can't reach database server at `host:3306`

Please make sure your database server is running at `host:3306`.
prisma:error 
Invalid `prisma.siteSettings.findFirst()` invocation:


Can't reach database server at `host:3306`

Please make sure your database server is running at `host:3306`.
prisma:error 
Invalid `prisma.siteSettings.findFirst()` invocation:


Can't reach database server at `host:3306`

Please make sure your database server is running at `host:3306`.
prisma:error 
Invalid `prisma.siteSettings.findFirst()` invocation:


Can't reach database server at `host:3306`

Please make sure your database server is running at `host:3306`.
prisma:error 
Invalid `prisma.siteSettings.findFirst()` invocation:


Can't reach database server at `host:3306`

Please make sure your database server is running at `host:3306`.
prisma:error 
Invalid `prisma.siteSettings.findFirst()` invocation:


Can't reach database server at `host:3306`

Please make sure your database server is running at `host:3306`.
prisma:error 
Invalid `prisma.siteSettings.findFirst()` invocation:


Can't reach database server at `host:3306`

Please make sure your database server is running at `host:3306`.
prisma:error 
Invalid `prisma.siteSettings.findFirst()` invocation:


Can't reach database server at `host:3306`

Please make sure your database server is running at `host:3306`.
prisma:error 
Invalid `prisma.siteSettings.findFirst()` invocation:


Can't reach database server at `host:3306`

Please make sure your database server is running at `host:3306`.
prisma:error 
Invalid `prisma.siteSettings.findFirst()` invocation:


Can't reach database server at `host:3306`

Please make sure your database server is running at `host:3306`.
prisma:error 
Invalid `prisma.siteSettings.findFirst()` invocation:


Can't reach database server at `host:3306`

Please make sure your database server is running at `host:3306`.
prisma:error 
Invalid `prisma.siteSettings.findFirst()` invocation:


Can't reach database server at `host:3306`

Please make sure your database server is running at `host:3306`.
prisma:error 
Invalid `prisma.siteSettings.findFirst()` invocation:


Can't reach database server at `host:3306`

Please make sure your database server is running at `host:3306`.
Error occurred prerendering page "/admin/users". Read more: 
https://nextjs.org/docs/messages/prerender-error
prisma:error 
Invalid `prisma.siteSettings.findFirst()` invocation:


Can't reach database server at `host:3306`

Please make sure your database server is running at `host:3306`.
prisma:error 
Invalid `prisma.siteSettings.findFirst()` invocation:


Can't reach database server at `host:3306`

Please make sure your database server is running at `host:3306`.
prisma:error 
Invalid `prisma.siteSettings.findFirst()` invocation:


Can't reach database server at `host:3306`

Please make sure your database server is running at `host:3306`.
prisma:error 
Invalid `prisma.siteSettings.findFirst()` invocation:


Can't reach database server at `host:3306`

Please make sure your database server is running at `host:3306`.
prisma:error 
Invalid `prisma.siteSettings.findFirst()` invocation:


Can't reach database server at `host:3306`

Please make sure your database server is running at `host:3306`.
prisma:error 
Invalid `prisma.siteSettings.findFirst()` invocation:


Can't reach database server at `host:3306`

Please make sure your database server is running at `host:3306`.
prisma:error 
Invalid `prisma.siteSettings.findFirst()` invocation:


Can't reach database server at `host:3306`

Please make sure your database server is running at `host:3306`.
Error [PrismaClientInitializationError]: 
Invalid `prisma.siteSettings.findFirst()` invocation:


Can't reach database server at `host:3306`

Please make sure your database server is running at `host:3306`.
    at async (F:\buildwithtanveer\eatsmartdaily\.next\server\chunks\ssr\[root-of-the-se
rver]__8c340d14._.js:1:892) {
  clientVersion: '6.19.2',
  errorCode: undefined,
  retryable: undefined,
  digest: '2166840108'
}
Error occurred prerendering page "/_not-found". Read more: 
https://nextjs.org/docs/messages/prerender-error
Export encountered an error on /admin/(authenticated)/users/page: /admin/users, 
exiting the build.
Error [PrismaClientInitializationError]: 
Invalid `prisma.siteSettings.findFirst()` invocation:


Can't reach database server at `host:3306`

Please make sure your database server is running at `host:3306`.
    at async (F:\buildwithtanveer\eatsmartdaily\.next\server\chunks\ssr\[root-of-the-se
rver]__8c340d14._.js:1:892) {
  clientVersion: '6.19.2',
  errorCode: undefined,
  retryable: undefined,
  digest: '2166840108'
}
Export encountered an error on /_not-found/page: /_not-found, exiting the build.
Γ¿» Next.js build worker exited with code: 1 and signal: null
